src/routes/ai.ts(2,10): error TS2724: '"ai"' has no exported member named 'convertToCoreMessages'. Did you mean 'convertToModelMessages'?
src/routes/ai.ts(187,33): error TS2551: Property 'toDataStreamResponse' does not exist on type 'StreamTextResult<{ getUserTrainData: Tool<Record<string, never>, OutputDto | null>; updateUserTrainData: Tool<{ weightInGrams?: number | undefined; heightInCentimeters?: number | undefined; age?: number | undefined; bodyFatPercentage?: number | undefined; }, OutputDto>; getWorkoutPlans: Tool<...>; createWorkoutPlan:...'. Did you mean 'toTextStreamResponse'?
